#
# There is insufficient memory for the Java Runtime Environment to continue.
# Native memory allocation (malloc) failed to allocate 1048576 bytes. Error detail: AllocateHeap
# Possible reasons:
#   The system is out of physical RAM or swap space
#   This process is running with CompressedOops enabled, and the Java Heap may be blocking the growth of the native heap
# Possible solutions:
#   Reduce memory load on the system
#   Increase physical memory or swap space
#   Check if swap backing store is full
#   Decrease Java heap size (-Xmx/-Xms)
#   Decrease number of Java threads
#   Decrease Java thread stack sizes (-Xss)
#   Set larger code cache with -XX:ReservedCodeCacheSize=
#   JVM is running with Unscaled Compressed Oops mode in which the Java heap is
#     placed in the first 4GB address space. The Java Heap base address is the
#     maximum limit for the native heap growth. Please use -XX:HeapBaseMinAddress
#     to set the Java Heap base and to place the Java Heap above 4GB virtual address.
# This output file may be truncated or incomplete.
#
#  Out of Memory Error (allocation.cpp:44), pid=14900, tid=23032
#
# JRE version: OpenJDK Runtime Environment Temurin-21.0.11+10 (21.0.11+10) (build 21.0.11+10-LTS)
# Java VM: OpenJDK 64-Bit Server VM Temurin-21.0.11+10 (21.0.11+10-LTS, mixed mode, sharing, tiered, compressed oops, compressed class ptrs, parallel gc, windows-amd64)
# No core dump will be written. Minidumps are not enabled by default on client versions of Windows
#

---------------  S U M M A R Y ------------

Command Line: --add-modules=ALL-SYSTEM --add-opens=java.base/java.util=ALL-UNNAMED --add-opens=java.base/java.lang=ALL-UNNAMED --add-opens=java.base/sun.nio.fs=ALL-UNNAMED -Declipse.application=org.eclipse.jdt.ls.core.id1 -Dosgi.bundles.defaultStartLevel=4 -Declipse.product=org.eclipse.jdt.ls.core.product -Djava.import.generatesMetadataFilesAtProjectRoot=false -DDetectVMInstallationsJob.disabled=true -Dfile.encoding=utf8 -XX:+UseParallelGC -XX:GCTimeRatio=4 -XX:AdaptiveSizePolicyWeight=90 -Dsun.zip.disableMemoryMapping=true -Xmx2G -Xms100m -Xlog:disable -javaagent:c:\Users\MARIA JOSE ROJAS\.vscode\extensions\redhat.java-1.55.0-win32-x64\lombok\lombok-1.18.39-4050.jar -XX:+HeapDumpOnOutOfMemoryError -XX:HeapDumpPath=c:\Users\MARIA JOSE ROJAS\AppData\Roaming\Code\User\workspaceStorage\e6e232951b0276b13a9384f90d748cda\redhat.java -Daether.dependencyCollector.impl=bf c:\Users\MARIA JOSE ROJAS\.vscode\extensions\redhat.java-1.55.0-win32-x64\server\plugins\org.eclipse.equinox.launcher_1.7.200.v20260619-2039.jar -configuration c:\Users\MARIA JOSE ROJAS\AppData\Roaming\Code\User\globalStorage\redhat.java\1.55.0\config_win -data c:\Users\MARIA JOSE ROJAS\AppData\Roaming\Code\User\workspaceStorage\e6e232951b0276b13a9384f90d748cda\redhat.java\jdt_ws --pipe=\\.\pipe\lsp-da42a0c62ce1eda57ca8fe3670f6fb03-sock

Host: 12th Gen Intel(R) Core(TM) i5-12450HX, 12 cores, 15G,  Windows 11 , 64 bit Build 26100 (10.0.26100.9278)
Time: Tue Sep  1 19:22:17 2026 Hora est. Pacífico, Sudamérica elapsed time: 9720.212404 seconds (0d 2h 42m 0s)

---------------  T H R E A D  ---------------

Current thread (0x000002276a9fa7d0):  JavaThread "Attach Listener" daemon [_thread_in_vm, id=23032, stack(0x000000c52b200000,0x000000c52b300000) (1024K)]

Stack: [0x000000c52b200000,0x000000c52b300000]
Native frames: (J=compiled Java code, j=interpreted, Vv=VM code, C=native code)
V  [jvm.dll+0x6d7e19]
V  [jvm.dll+0x8b5096]
V  [jvm.dll+0x8b764e]
V  [jvm.dll+0x8b7d33]
V  [jvm.dll+0x284596]
V  [jvm.dll+0xc13c7]
V  [jvm.dll+0x6d86c9]
V  [jvm.dll+0x133616]
V  [jvm.dll+0x3f868e]
V  [jvm.dll+0x85fb0d]
V  [jvm.dll+0x6d664d]
C  [ucrtbase.dll+0x2cd30]
C  [KERNEL32.DLL+0x2ccb7]
C  [ntdll.dll+0xacaec]


---------------  P R O C E S S  ---------------

Threads class SMR info:
_java_thread_list=0x000002277d7ede30, length=39, elements={
0x0000022752029f10, 0x000002276a9f04a0, 0x000002276a9f48f0, 0x000002276a9f9d70,
0x000002276a9fa7d0, 0x000002276aa05aa0, 0x000002276aa285e0, 0x000002276aa322f0,
0x000002276aa37820, 0x000002276aa2a6b0, 0x000002276aa2a020, 0x000002276aa27230,
0x000002276aa278c0, 0x000002276aa29990, 0x000002276aa28c70, 0x000002276aa27f50,
0x000002276aa29300, 0x000002276fcf66c0, 0x000002276fcf6030, 0x000002276fcf73e0,
0x000002276fcf8e20, 0x000002276fcf8100, 0x00000227717d7530, 0x00000227717d5af0,
0x00000227717d4dd0, 0x00000227717d6ea0, 0x00000227717d5460, 0x00000227717d6180,
0x00000227717d40b0, 0x00000227717d7bc0, 0x00000227717d4740, 0x00000227717d8250,
0x00000227717d9c90, 0x00000227717d88e0, 0x00000227717d9600, 0x00000227717d6810,
0x0000022772c48b90, 0x0000022772c4ee00, 0x0000022772c4da50
}

Java Threads: ( => current thread )
  0x0000022752029f10 JavaThread "main"                              [_thread_blocked, id=25196, stack(0x000000c52ab00000,0x000000c52ac00000) (1024K)]
  0x000002276a9f04a0 JavaThread "Reference Handler"          daemon [_thread_blocked, id=33284, stack(0x000000c52af00000,0x000000c52b000000) (1024K)]
  0x000002276a9f48f0 JavaThread "Finalizer"                  daemon [_thread_blocked, id=14832, stack(0x000000c52b000000,0x000000c52b100000) (1024K)]
  0x000002276a9f9d70 JavaThread "Signal Dispatcher"          daemon [_thread_blocked, id=28144, stack(0x000000c52b100000,0x000000c52b200000) (1024K)]
=>0x000002276a9fa7d0 JavaThread "Attach Listener"            daemon [_thread_in_vm, id=23032, stack(0x000000c52b200000,0x000000c52b300000) (1024K)]
  0x000002276aa05aa0 JavaThread "Service Thread"             daemon [_thread_blocked, id=5552, stack(0x000000c52b300000,0x000000c52b400000) (1024K)]
  0x000002276aa285e0 JavaThread "Monitor Deflation Thread"   daemon [_thread_blocked, id=27340, stack(0x000000c52b400000,0x000000c52b500000) (1024K)]
  0x000002276aa322f0 JavaThread "C2 CompilerThread0"         daemon [_thread_blocked, id=26968, stack(0x000000c52b500000,0x000000c52b600000) (1024K)]
  0x000002276aa37820 JavaThread "C1 CompilerThread0"         daemon [_thread_blocked, id=38096, stack(0x000000c52b600000,0x000000c52b700000) (1024K)]
  0x000002276aa2a6b0 JavaThread "Common-Cleaner"             daemon [_thread_blocked, id=10076, stack(0x000000c52b700000,0x000000c52b800000) (1024K)]
  0x000002276aa2a020 JavaThread "Notification Thread"        daemon [_thread_blocked, id=12552, stack(0x000000c52b800000,0x000000c52b900000) (1024K)]
  0x000002276aa27230 JavaThread "Active Thread: Equinox Container: 7036708e-b6e8-438f-9446-37ab1e47d387"        [_thread_blocked, id=12060, stack(0x000000c52c100000,0x000000c52c200000) (1024K)]
  0x000002276aa278c0 JavaThread "Refresh Thread: Equinox Container: 7036708e-b6e8-438f-9446-37ab1e47d387" daemon [_thread_blocked, id=32468, stack(0x000000c52c300000,0x000000c52c400000) (1024K)]
  0x000002276aa29990 JavaThread "Framework Event Dispatcher: Equinox Container: 7036708e-b6e8-438f-9446-37ab1e47d387" daemon [_thread_blocked, id=14792, stack(0x000000c52c400000,0x000000c52c500000) (1024K)]
  0x000002276aa28c70 JavaThread "Start Level: Equinox Container: 7036708e-b6e8-438f-9446-37ab1e47d387" daemon [_thread_blocked, id=17640, stack(0x000000c52c500000,0x000000c52c600000) (1024K)]
  0x000002276aa27f50 JavaThread "Bundle File Closer"         daemon [_thread_blocked, id=5376, stack(0x000000c52c800000,0x000000c52c900000) (1024K)]
  0x000002276aa29300 JavaThread "SCR Component Actor"        daemon [_thread_blocked, id=16772, stack(0x000000c52b900000,0x000000c52ba00000) (1024K)]
  0x000002276fcf66c0 JavaThread "Worker-JM"                         [_thread_blocked, id=14800, stack(0x000000c52ca00000,0x000000c52cb00000) (1024K)]
  0x000002276fcf6030 JavaThread "JNA Cleaner"                daemon [_thread_blocked, id=8260, stack(0x000000c52cb00000,0x000000c52cc00000) (1024K)]
  0x000002276fcf73e0 JavaThread "Java indexing"              daemon [_thread_blocked, id=10312, stack(0x000000c52ce00000,0x000000c52cf00000) (1024K)]
  0x000002276fcf8e20 JavaThread "Thread-1"                   daemon [_thread_in_native, id=5252, stack(0x000000c52d300000,0x000000c52d400000) (1024K)]
  0x000002276fcf8100 JavaThread "Thread-2"                   daemon [_thread_in_native, id=40352, stack(0x000000c52d400000,0x000000c52d500000) (1024K)]
  0x00000227717d7530 JavaThread "Thread-3"                   daemon [_thread_in_native, id=13092, stack(0x000000c52d500000,0x000000c52d600000) (1024K)]
  0x00000227717d5af0 JavaThread "Thread-4"                   daemon [_thread_in_native, id=19852, stack(0x000000c52d600000,0x000000c52d700000) (1024K)]
  0x00000227717d4dd0 JavaThread "Thread-5"                   daemon [_thread_in_native, id=13048, stack(0x000000c52d700000,0x000000c52d800000) (1024K)]
  0x00000227717d6ea0 JavaThread "Thread-6"                   daemon [_thread_in_native, id=8580, stack(0x000000c52d800000,0x000000c52d900000) (1024K)]
  0x00000227717d5460 JavaThread "Thread-7"                   daemon [_thread_in_native, id=37712, stack(0x000000c52d900000,0x000000c52da00000) (1024K)]
  0x00000227717d6180 JavaThread "Thread-8"                   daemon [_thread_in_native, id=33352, stack(0x000000c52da00000,0x000000c52db00000) (1024K)]
  0x00000227717d40b0 JavaThread "Thread-9"                   daemon [_thread_in_native, id=12852, stack(0x000000c52db00000,0x000000c52dc00000) (1024K)]
  0x00000227717d7bc0 JavaThread "Thread-10"                  daemon [_thread_in_native, id=26108, stack(0x000000c52dc00000,0x000000c52dd00000) (1024K)]
  0x00000227717d4740 JavaThread "Thread-11"                  daemon [_thread_in_native, id=4296, stack(0x000000c52dd00000,0x000000c52de00000) (1024K)]
  0x00000227717d8250 JavaThread "Thread-12"                  daemon [_thread_in_native, id=28380, stack(0x000000c52de00000,0x000000c52df00000) (1024K)]
  0x00000227717d9c90 JavaThread "Thread-13"                  daemon [_thread_in_native, id=26552, stack(0x000000c52df00000,0x000000c52e000000) (1024K)]
  0x00000227717d88e0 JavaThread "pool-2-thread-1"                   [_thread_blocked, id=5968, stack(0x000000c52e000000,0x000000c52e100000) (1024K)]
  0x00000227717d9600 JavaThread "WorkspaceEventsHandler"            [_thread_blocked, id=29188, stack(0x000000c52e100000,0x000000c52e200000) (1024K)]
  0x00000227717d6810 JavaThread "pool-1-thread-1"                   [_thread_blocked, id=29612, stack(0x000000c52e200000,0x000000c52e300000) (1024K)]
  0x0000022772c48b90 JavaThread "Cleaner-0"                  daemon [_thread_blocked, id=2436, stack(0x000000c52cf00000,0x000000c52d000000) (1024K)]
  0x0000022772c4ee00 JavaThread "Worker-13"                         [_thread_blocked, id=28852, stack(0x000000c52e300000,0x000000c52e400000) (1024K)]
  0x0000022772c4da50 JavaThread "Worker-14"                         [_thread_blocked, id=3800, stack(0x000000c52e500000,0x000000c52e600000) (1024K)]
Total: 39

Other Threads:
  0x0000022768ac3ce0 VMThread "VM Thread"                           [id=21172, stack(0x000000c52ae00000,0x000000c52af00000) (1024K)]
  0x0000022752098090 WatcherThread "VM Periodic Task Thread"        [id=14868, stack(0x000000c52ad00000,0x000000c52ae00000) (1024K)]
  0x0000022752049660 WorkerThread "GC Thread#0"                     [id=16308, stack(0x000000c52ac00000,0x000000c52ad00000) (1024K)]
  0x000002276f7c5990 WorkerThread "GC Thread#1"                     [id=29388, stack(0x000000c52bb00000,0x000000c52bc00000) (1024K)]
  0x000002276f487580 WorkerThread "GC Thread#2"                     [id=15808, stack(0x000000c52bc00000,0x000000c52bd00000) (1024K)]
  0x000002276f487930 WorkerThread "GC Thread#3"                     [id=26832, stack(0x000000c52bd00000,0x000000c52be00000) (1024K)]
  0x000002276f7fc740 WorkerThread "GC Thread#4"                     [id=33036, stack(0x000000c52be00000,0x000000c52bf00000) (1024K)]
  0x000002276f6e1d70 WorkerThread "GC Thread#5"                     [id=27184, stack(0x000000c52bf00000,0x000000c52c000000) (1024K)]
  0x000002276f6e0eb0 WorkerThread "GC Thread#6"                     [id=22932, stack(0x000000c52c000000,0x000000c52c100000) (1024K)]
  0x000002276f6e0b00 WorkerThread "GC Thread#7"                     [id=12892, stack(0x000000c52c200000,0x000000c52c300000) (1024K)]
  0x000002276f6e1260 WorkerThread "GC Thread#8"                     [id=13272, stack(0x000000c52c600000,0x000000c52c700000) (1024K)]
  0x000002276f6e2120 WorkerThread "GC Thread#9"                     [id=37768, stack(0x000000c52c700000,0x000000c52c800000) (1024K)]
Total: 12

Threads with active compile tasks:
Total: 0

VM state: not at safepoint (normal execution)

VM Mutex/Monitor currently owned by a thread: None

Heap address: 0x0000000080000000, size: 2048 MB, Compressed Oops mode: 32-bit

CDS archive(s) mapped at: [0x0000022700000000-0x0000022700ba0000-0x0000022700ba0000), size 12189696, SharedBaseAddress: 0x0000022700000000, ArchiveRelocationMode: 1.
Compressed class space mapped at: 0x0000022701000000-0x0000022741000000, reserved size: 1073741824
Narrow klass base: 0x0000022700000000, Narrow klass shift: 0, Narrow klass range: 0x100000000

GC Precious Log:
 CardTable entry size: 512
 CPUs: 12 total, 12 available
 Memory: 16107M
 Large Page Support: Disabled
 NUMA Support: Disabled
 Compressed Oops: Enabled (32-bit)
 Alignments: Space 512K, Generation 512K, Heap 2M
 Heap Min Capacity: 100M
 Heap Initial Capacity: 100M
 Heap Max Capacity: 2G
 Pre-touch: Disabled
 Parallel Workers: 10

Heap:
 PSYoungGen      total 4096K, used 841K [0x00000000d5580000, 0x00000000d5c80000, 0x0000000100000000)
  eden space 3584K, 14% used [0x00000000d5580000,0x00000000d5604c68,0x00000000d5900000)
  from space 512K, 60% used [0x00000000d5c00000,0x00000000d5c4d810,0x00000000d5c80000)
  to   space 1024K, 0% used [0x00000000d5a80000,0x00000000d5a80000,0x00000000d5b80000)
 ParOldGen       total 653312K, used 563111K [0x0000000080000000, 0x00000000a7e00000, 0x00000000d5580000)
  object space 653312K, 86% used [0x0000000080000000,0x00000000a25e9f18,0x00000000a7e00000)
 Metaspace       used 82981K, committed 84800K, reserved 1179648K
  class space    used 8272K, committed 9152K, reserved 1048576K

Card table byte_map: [0x00000227519d0000,0x0000022751de0000] _byte_map_base: 0x00000227515d0000

Marking Bits: (ParMarkBitMap*) 0x00007ffeaade4460
 Begin Bits: [0x00000227644e0000, 0x00000227664e0000)
 End Bits:   [0x00000227664e0000, 0x00000227684e0000)

Polling page: 0x000002274fe50000

Metaspace:

Usage:
  Non-class:     72.96 MB used.
      Class:      8.08 MB used.
       Both:     81.04 MB used.

Virtual space:
  Non-class space:      128.00 MB reserved,      73.88 MB ( 58%) committed,  2 nodes.
      Class space:        1.00 GB reserved,       8.94 MB ( <1%) committed,  1 nodes.
             Both:        1.12 GB reserved,      82.81 MB (  7%) committed. 

Chunk freelists:
   Non-Class:  6.06 MB
       Class:  6.94 MB
        Both:  13.00 MB

MaxMetaspaceSize: unlimited
CompressedClassSpaceSize: 1.00 GB
Initial GC threshold: 21.00 MB
Current GC threshold: 118.69 MB
CDS: on
 - commit_granule_bytes: 65536.
 - commit_granule_words: 8192.
 - virtual_space_node_default_size: 8388608.
 - enlarge_chunks_in_place: 1.
 - use_allocation_guard: 0.


Internal statistics:

num_allocs_failed_limit: 9.
num_arena_births: 1642.
num_arena_deaths: 30.
num_vsnodes_births: 3.
num_vsnodes_deaths: 0.
num_space_committed: 1337.
num_space_uncommitted: 8.
num_chunks_returned_to_freelist: 107.
num_chunks_taken_from_freelist: 5813.
num_chunk_merges: 37.
num_chunk_splits: 3559.
num_chunks_enlarged: 2077.
num_inconsistent_stats: 0.

CodeHeap 'non-profiled nmethods': size=120000Kb used=23640Kb max_used=23640Kb free=96359Kb
 bounds [0x000002275cd00000, 0x000002275e420000, 0x0000022764230000]
CodeHeap 'profiled nmethods': size=120000Kb used=51167Kb max_used=51167Kb free=68832Kb
 bounds [0x0000022755230000, 0x0000022758430000, 0x000002275c760000]
CodeHeap 'non-nmethods': size=5760Kb used=1478Kb max_used=1541Kb free=4281Kb
 bounds [0x000002275c760000, 0x000002275c9d0000, 0x000002275cd00000]
CodeCache: size=245760Kb, used=76285Kb, max_used=76348Kb, free=169472Kb
 total_blobs=20416, nmethods=19620, adapters=699, full_count=0
Compilation: enabled, stopped_count=0, restarted_count=0

Compilation events (20 events):
Event: 3115.282 Thread 0x000002276aa37820 22310       3       java.util.concurrent.ThreadPoolExecutor::ensurePrestart (41 bytes)
Event: 3115.284 Thread 0x000002276aa37820 nmethod 22310 0x0000022758421010 code [0x00000227584211e0, 0x0000022758421490]
Event: 3140.480 Thread 0x000002276aa37820 22311   !   3       java.util.concurrent.FutureTask::runAndReset (125 bytes)
Event: 3140.496 Thread 0x000002276aa37820 nmethod 22311 0x0000022758421590 code [0x0000022758421a00, 0x0000022758423eb0]
Event: 3140.496 Thread 0x000002276aa37820 22312       3       java.util.concurrent.ScheduledThreadPoolExecutor$ScheduledFutureTask::setNextRunTime (38 bytes)
Event: 3140.496 Thread 0x000002276aa37820 nmethod 22312 0x0000022758424a10 code [0x0000022758424bc0, 0x0000022758424e50]
Event: 3140.496 Thread 0x000002276aa37820 22313       3       java.util.concurrent.ScheduledThreadPoolExecutor::reExecutePeriodic (49 bytes)
Event: 3140.498 Thread 0x000002276aa37820 nmethod 22313 0x0000022758424f10 code [0x0000022758425140, 0x00000227584258c0]
Event: 3270.601 Thread 0x000002276aa37820 22314       3       java.lang.ProcessHandleImpl::<init> (15 bytes)
Event: 3270.601 Thread 0x000002276aa37820 nmethod 22314 0x0000022758425b10 code [0x0000022758425cc0, 0x0000022758425e30]
Event: 9439.759 Thread 0x000002276aa37820 22315   !   3       java.util.concurrent.locks.AbstractQueuedSynchronizer$ConditionObject::newConditionNode (78 bytes)
Event: 9439.777 Thread 0x000002276aa37820 nmethod 22315 0x0000022758425f10 code [0x0000022758426180, 0x0000022758426960]
Event: 9439.778 Thread 0x000002276aa37820 22316       3       java.util.concurrent.locks.AbstractQueuedSynchronizer$ConditionObject::enableWait (84 bytes)
Event: 9439.779 Thread 0x000002276aa37820 nmethod 22316 0x0000022758426c10 code [0x0000022758426e20, 0x0000022758427458]
Event: 9498.654 Thread 0x000002276aa37820 22317   !   3       java.util.concurrent.locks.AbstractQueuedSynchronizer::reacquire (64 bytes)
Event: 9498.658 Thread 0x000002276aa37820 nmethod 22317 0x0000022758427690 code [0x0000022758427860, 0x0000022758427bd0]
Event: 9511.847 Thread 0x000002276aa322f0 22318       4       java.util.concurrent.TimeUnit::convert (73 bytes)
Event: 9511.867 Thread 0x000002276aa322f0 nmethod 22318 0x000002275e415990 code [0x000002275e415b40, 0x000002275e415cd0]
Event: 9646.157 Thread 0x000002276aa37820 22319       1       org.eclipse.osgi.internal.location.BasicLocation::isReadOnly (5 bytes)
Event: 9646.159 Thread 0x000002276aa37820 nmethod 22319 0x000002275e415e10 code [0x000002275e415fa0, 0x000002275e416070]

GC Heap History (20 events):
Event: 1434.959 GC heap before
{Heap before GC invocations=1993 (full 4):
 PSYoungGen      total 2048K, used 2032K [0x00000000d5580000, 0x00000000d5e00000, 0x0000000100000000)
  eden space 1024K, 100% used [0x00000000d5580000,0x00000000d5680000,0x00000000d5680000)
  from space 1024K, 98% used [0x00000000d5980000,0x00000000d5a7c000,0x00000000d5a80000)
  to   space 3072K, 0% used [0x00000000d5680000,0x00000000d5680000,0x00000000d5980000)
 ParOldGen       total 653312K, used 549970K [0x0000000080000000, 0x00000000a7e00000, 0x00000000d5580000)
  object space 653312K, 84% used [0x0000000080000000,0x00000000a1914b70,0x00000000a7e00000)
 Metaspace       used 82858K, committed 84736K, reserved 1179648K
  class space    used 8263K, committed 9152K, reserved 1048576K
}
Event: 1434.963 GC heap after
{Heap after GC invocations=1993 (full 4):
 PSYoungGen      total 2048K, used 992K [0x00000000d5580000, 0x00000000d5a00000, 0x0000000100000000)
  eden space 1024K, 0% used [0x00000000d5580000,0x00000000d5580000,0x00000000d5680000)
  from space 1024K, 96% used [0x00000000d5680000,0x00000000d5778010,0x00000000d5780000)
  to   space 1536K, 0% used [0x00000000d5880000,0x00000000d5880000,0x00000000d5a00000)
 ParOldGen       total 653312K, used 550986K [0x0000000080000000, 0x00000000a7e00000, 0x00000000d5580000)
  object space 653312K, 84% used [0x0000000080000000,0x00000000a1a12b70,0x00000000a7e00000)
 Metaspace       used 82858K, committed 84736K, reserved 1179648K
  class space    used 8263K, committed 9152K, reserved 1048576K
}
Event: 1434.964 GC heap before
{Heap before GC invocations=1994 (full 4):
 PSYoungGen      total 2048K, used 2016K [0x00000000d5580000, 0x00000000d5a00000, 0x0000000100000000)
  eden space 1024K, 100% used [0x00000000d5580000,0x00000000d5680000,0x00000000d5680000)
  from space 1024K, 96% used [0x00000000d5680000,0x00000000d5778010,0x00000000d5780000)
  to   space 1536K, 0% used [0x00000000d5880000,0x00000000d5880000,0x00000000d5a00000)
 ParOldGen       total 653312K, used 550986K [0x0000000080000000, 0x00000000a7e00000, 0x00000000d5580000)
  object space 653312K, 84% used [0x0000000080000000,0x00000000a1a12b70,0x00000000a7e00000)
 Metaspace       used 82863K, committed 84736K, reserved 1179648K
  class space    used 8264K, committed 9152K, reserved 1048576K
}
Event: 1434.966 GC heap after
{Heap after GC invocations=1994 (full 4):
 PSYoungGen      total 3072K, used 1088K [0x00000000d5580000, 0x00000000d5a00000, 0x0000000100000000)
  eden space 1536K, 0% used [0x00000000d5580000,0x00000000d5580000,0x00000000d5700000)
  from space 1536K, 70% used [0x00000000d5880000,0x00000000d5990010,0x00000000d5a00000)
  to   space 1536K, 0% used [0x00000000d5700000,0x00000000d5700000,0x00000000d5880000)
 ParOldGen       total 653312K, used 551834K [0x0000000080000000, 0x00000000a7e00000, 0x00000000d5580000)
  object space 653312K, 84% used [0x0000000080000000,0x00000000a1ae6b70,0x00000000a7e00000)
 Metaspace       used 82863K, committed 84736K, reserved 1179648K
  class space    used 8264K, committed 9152K, reserved 1048576K
}
Event: 1434.969 GC heap before
{Heap before GC invocations=1995 (full 4):
 PSYoungGen      total 3072K, used 2446K [0x00000000d5580000, 0x00000000d5a00000, 0x0000000100000000)
  eden space 1536K, 88% used [0x00000000d5580000,0x00000000d56d3aa8,0x00000000d5700000)
  from space 1536K, 70% used [0x00000000d5880000,0x00000000d5990010,0x00000000d5a00000)
  to   space 1536K, 0% used [0x00000000d5700000,0x00000000d5700000,0x00000000d5880000)
 ParOldGen       total 653312K, used 551834K [0x0000000080000000, 0x00000000a7e00000, 0x00000000d5580000)
  object space 653312K, 84% used [0x0000000080000000,0x00000000a1ae6b70,0x00000000a7e00000)
 Metaspace       used 82863K, committed 84736K, reserved 1179648K
  class space    used 8264K, committed 9152K, reserved 1048576K
}
Event: 1434.971 GC heap after
{Heap after GC invocations=1995 (full 4):
 PSYoungGen      total 3072K, used 1472K [0x00000000d5580000, 0x00000000d5b80000, 0x0000000100000000)
  eden space 1536K, 0% used [0x00000000d5580000,0x00000000d5580000,0x00000000d5700000)
  from space 1536K, 95% used [0x00000000d5700000,0x00000000d5870010,0x00000000d5880000)
  to   space 2048K, 0% used [0x00000000d5980000,0x00000000d5980000,0x00000000d5b80000)
 ParOldGen       total 653312K, used 552770K [0x0000000080000000, 0x00000000a7e00000, 0x00000000d5580000)
  object space 653312K, 84% used [0x0000000080000000,0x00000000a1bd0b70,0x00000000a7e00000)
 Metaspace       used 82863K, committed 84736K, reserved 1179648K
  class space    used 8264K, committed 9152K, reserved 1048576K
}
Event: 1434.974 GC heap before
{Heap before GC invocations=1996 (full 4):
 PSYoungGen      total 3072K, used 3008K [0x00000000d5580000, 0x00000000d5b80000, 0x0000000100000000)
  eden space 1536K, 100% used [0x00000000d5580000,0x00000000d5700000,0x00000000d5700000)
  from space 1536K, 95% used [0x00000000d5700000,0x00000000d5870010,0x00000000d5880000)
  to   space 2048K, 0% used [0x00000000d5980000,0x00000000d5980000,0x00000000d5b80000)
 ParOldGen       total 653312K, used 552770K [0x0000000080000000, 0x00000000a7e00000, 0x00000000d5580000)
  object space 653312K, 84% used [0x0000000080000000,0x00000000a1bd0b70,0x00000000a7e00000)
 Metaspace       used 82871K, committed 84736K, reserved 1179648K
  class space    used 8265K, committed 9152K, reserved 1048576K
}
Event: 1434.978 GC heap after
{Heap after GC invocations=1996 (full 4):
 PSYoungGen      total 4096K, used 1590K [0x00000000d5580000, 0x00000000d5b80000, 0x0000000100000000)
  eden space 2048K, 0% used [0x00000000d5580000,0x00000000d5580000,0x00000000d5780000)
  from space 2048K, 77% used [0x00000000d5980000,0x00000000d5b0db88,0x00000000d5b80000)
  to   space 2048K, 0% used [0x00000000d5780000,0x00000000d5780000,0x00000000d5980000)
 ParOldGen       total 653312K, used 554074K [0x0000000080000000, 0x00000000a7e00000, 0x00000000d5580000)
  object space 653312K, 84% used [0x0000000080000000,0x00000000a1d16b70,0x00000000a7e00000)
 Metaspace       used 82871K, committed 84736K, reserved 1179648K
  class space    used 8265K, committed 9152K, reserved 1048576K
}
Event: 1434.986 GC heap before
{Heap before GC invocations=1997 (full 4):
 PSYoungGen      total 4096K, used 3638K [0x00000000d5580000, 0x00000000d5b80000, 0x0000000100000000)
  eden space 2048K, 100% used [0x00000000d5580000,0x00000000d5780000,0x00000000d5780000)
  from space 2048K, 77% used [0x00000000d5980000,0x00000000d5b0db88,0x00000000d5b80000)
  to   space 2048K, 0% used [0x00000000d5780000,0x00000000d5780000,0x00000000d5980000)
 ParOldGen       total 653312K, used 554074K [0x0000000080000000, 0x00000000a7e00000, 0x00000000d5580000)
  object space 653312K, 84% used [0x0000000080000000,0x00000000a1d16b70,0x00000000a7e00000)
 Metaspace       used 82894K, committed 84800K, reserved 1179648K
  class space    used 8268K, committed 9152K, reserved 1048576K
}
Event: 1434.989 GC heap after
{Heap after GC invocations=1997 (full 4):
 PSYoungGen      total 4096K, used 1760K [0x00000000d5580000, 0x00000000d5c00000, 0x0000000100000000)
  eden space 2048K, 0% used [0x00000000d5580000,0x00000000d5580000,0x00000000d5780000)
  from space 2048K, 85% used [0x00000000d5780000,0x00000000d5938010,0x00000000d5980000)
  to   space 2048K, 0% used [0x00000000d5a00000,0x00000000d5a00000,0x00000000d5c00000)
 ParOldGen       total 653312K, used 555481K [0x0000000080000000, 0x00000000a7e00000, 0x00000000d5580000)
  object space 653312K, 85% used [0x0000000080000000,0x00000000a1e766e8,0x00000000a7e00000)
 Metaspace       used 82894K, committed 84800K, reserved 1179648K
  class space    used 8268K, committed 9152K, reserved 1048576K
}
Event: 1434.995 GC heap before
{Heap before GC invocations=1998 (full 4):
 PSYoungGen      total 4096K, used 3808K [0x00000000d5580000, 0x00000000d5c00000, 0x0000000100000000)
  eden space 2048K, 100% used [0x00000000d5580000,0x00000000d5780000,0x00000000d5780000)
  from space 2048K, 85% used [0x00000000d5780000,0x00000000d5938010,0x00000000d5980000)
  to   space 2048K, 0% used [0x00000000d5a00000,0x00000000d5a00000,0x00000000d5c00000)
 ParOldGen       total 653312K, used 555481K [0x0000000080000000, 0x00000000a7e00000, 0x00000000d5580000)
  object space 653312K, 85% used [0x0000000080000000,0x00000000a1e766e8,0x00000000a7e00000)
 Metaspace       used 82911K, committed 84800K, reserved 1179648K
  class space    used 8269K, committed 9152K, reserved 1048576K
}
Event: 1434.998 GC heap after
{Heap after GC invocations=1998 (full 4):
 PSYoungGen      total 4608K, used 1984K [0x00000000d5580000, 0x00000000d5c00000, 0x0000000100000000)
  eden space 2560K, 0% used [0x00000000d5580000,0x00000000d5580000,0x00000000d5800000)
  from space 2048K, 96% used [0x00000000d5a00000,0x00000000d5bf0000,0x00000000d5c00000)
  to   space 2048K, 0% used [0x00000000d5800000,0x00000000d5800000,0x00000000d5a00000)
 ParOldGen       total 653312K, used 557097K [0x0000000080000000, 0x00000000a7e00000, 0x00000000d5580000)
  object space 653312K, 85% used [0x0000000080000000,0x00000000a200a6e8,0x00000000a7e00000)
 Metaspace       used 82911K, committed 84800K, reserved 1179648K
  class space    used 8269K, committed 9152K, reserved 1048576K
}
Event: 1435.012 GC heap before
{Heap before GC invocations=1999 (full 4):
 PSYoungGen      total 4608K, used 4473K [0x00000000d5580000, 0x00000000d5c00000, 0x0000000100000000)
  eden space 2560K, 97% used [0x00000000d5580000,0x00000000d57ee4b8,0x00000000d5800000)
  from space 2048K, 96% used [0x00000000d5a00000,0x00000000d5bf0000,0x00000000d5c00000)
  to   space 2048K, 0% used [0x00000000d5800000,0x00000000d5800000,0x00000000d5a00000)
 ParOldGen       total 653312K, used 557097K [0x0000000080000000, 0x00000000a7e00000, 0x00000000d5580000)
  object space 653312K, 85% used [0x0000000080000000,0x00000000a200a6e8,0x00000000a7e00000)
 Metaspace       used 82912K, committed 84800K, reserved 1179648K
  class space    used 8269K, committed 9152K, reserved 1048576K
}
Event: 1435.016 GC heap after
{Heap after GC invocations=1999 (full 4):
 PSYoungGen      total 4608K, used 2048K [0x00000000d5580000, 0x00000000d6180000, 0x0000000100000000)
  eden space 2560K, 0% used [0x00000000d5580000,0x00000000d5580000,0x00000000d5800000)
  from space 2048K, 100% used [0x00000000d5800000,0x00000000d5a00000,0x00000000d5a00000)
  to   space 4608K, 0% used [0x00000000d5d00000,0x00000000d5d00000,0x00000000d6180000)
 ParOldGen       total 653312K, used 559041K [0x0000000080000000, 0x00000000a7e00000, 0x00000000d5580000)
  object space 653312K, 85% used [0x0000000080000000,0x00000000a21f06e8,0x00000000a7e00000)
 Metaspace       used 82912K, committed 84800K, reserved 1179648K
  class space    used 8269K, committed 9152K, reserved 1048576K
}
Event: 1435.038 GC heap before
{Heap before GC invocations=2000 (full 4):
 PSYoungGen      total 4608K, used 4607K [0x00000000d5580000, 0x00000000d6180000, 0x0000000100000000)
  eden space 2560K, 99% used [0x00000000d5580000,0x00000000d57fffe8,0x00000000d5800000)
  from space 2048K, 100% used [0x00000000d5800000,0x00000000d5a00000,0x00000000d5a00000)
  to   space 4608K, 0% used [0x00000000d5d00000,0x00000000d5d00000,0x00000000d6180000)
 ParOldGen       total 653312K, used 559041K [0x0000000080000000, 0x00000000a7e00000, 0x00000000d5580000)
  object space 653312K, 85% used [0x0000000080000000,0x00000000a21f06e8,0x00000000a7e00000)
 Metaspace       used 82931K, committed 84800K, reserved 1179648K
  class space    used 8272K, committed 9152K, reserved 1048576K
}
Event: 1435.042 GC heap after
{Heap after GC invocations=2000 (full 4):
 PSYoungGen      total 5120K, used 1792K [0x00000000d5580000, 0x00000000d5f00000, 0x0000000100000000)
  eden space 3072K, 0% used [0x00000000d5580000,0x00000000d5580000,0x00000000d5880000)
  from space 2048K, 87% used [0x00000000d5d00000,0x00000000d5ec0000,0x00000000d5f00000)
  to   space 3072K, 0% used [0x00000000d5900000,0x00000000d5900000,0x00000000d5c00000)
 ParOldGen       total 653312K, used 560857K [0x0000000080000000, 0x00000000a7e00000, 0x00000000d5580000)
  object space 653312K, 85% used [0x0000000080000000,0x00000000a23b66e8,0x00000000a7e00000)
 Metaspace       used 82931K, committed 84800K, reserved 1179648K
  class space    used 8272K, committed 9152K, reserved 1048576K
}
Event: 1435.104 GC heap before
{Heap before GC invocations=2001 (full 4):
 PSYoungGen      total 5120K, used 4864K [0x00000000d5580000, 0x00000000d5f00000, 0x0000000100000000)
  eden space 3072K, 100% used [0x00000000d5580000,0x00000000d5880000,0x00000000d5880000)
  from space 2048K, 87% used [0x00000000d5d00000,0x00000000d5ec0000,0x00000000d5f00000)
  to   space 3072K, 0% used [0x00000000d5900000,0x00000000d5900000,0x00000000d5c00000)
 ParOldGen       total 653312K, used 560857K [0x0000000080000000, 0x00000000a7e00000, 0x00000000d5580000)
  object space 653312K, 85% used [0x0000000080000000,0x00000000a23b66e8,0x00000000a7e00000)
 Metaspace       used 82936K, committed 84800K, reserved 1179648K
  class space    used 8272K, committed 9152K, reserved 1048576K
}
Event: 1435.108 GC heap after
{Heap after GC invocations=2001 (full 4):
 PSYoungGen      total 6656K, used 1024K [0x00000000d5580000, 0x00000000d5d80000, 0x0000000100000000)
  eden space 3584K, 0% used [0x00000000d5580000,0x00000000d5580000,0x00000000d5900000)
  from space 3072K, 33% used [0x00000000d5900000,0x00000000d5a00000,0x00000000d5c00000)
  to   space 1536K, 0% used [0x00000000d5c00000,0x00000000d5c00000,0x00000000d5d80000)
 ParOldGen       total 653312K, used 562225K [0x0000000080000000, 0x00000000a7e00000, 0x00000000d5580000)
  object space 653312K, 86% used [0x0000000080000000,0x00000000a250c6e8,0x00000000a7e00000)
 Metaspace       used 82936K, committed 84800K, reserved 1179648K
  class space    used 8272K, committed 9152K, reserved 1048576K
}
Event: 2012.885 GC heap before
{Heap before GC invocations=2002 (full 4):
 PSYoungGen      total 6656K, used 4589K [0x00000000d5580000, 0x00000000d5d80000, 0x0000000100000000)
  eden space 3584K, 99% used [0x00000000d5580000,0x00000000d58fb430,0x00000000d5900000)
  from space 3072K, 33% used [0x00000000d5900000,0x00000000d5a00000,0x00000000d5c00000)
  to   space 1536K, 0% used [0x00000000d5c00000,0x00000000d5c00000,0x00000000d5d80000)
 ParOldGen       total 653312K, used 562225K [0x0000000080000000, 0x00000000a7e00000, 0x00000000d5580000)
  object space 653312K, 86% used [0x0000000080000000,0x00000000a250c6e8,0x00000000a7e00000)
 Metaspace       used 82965K, committed 84800K, reserved 1179648K
  class space    used 8272K, committed 9152K, reserved 1048576K
}
Event: 2012.892 GC heap after
{Heap after GC invocations=2002 (full 4):
 PSYoungGen      total 4096K, used 310K [0x00000000d5580000, 0x00000000d5c80000, 0x0000000100000000)
  eden space 3584K, 0% used [0x00000000d5580000,0x00000000d5580000,0x00000000d5900000)
  from space 512K, 60% used [0x00000000d5c00000,0x00000000d5c4d810,0x00000000d5c80000)
  to   space 1024K, 0% used [0x00000000d5a80000,0x00000000d5a80000,0x00000000d5b80000)
 ParOldGen       total 653312K, used 563111K [0x0000000080000000, 0x00000000a7e00000, 0x00000000d5580000)
  object space 653312K, 86% used [0x0000000080000000,0x00000000a25e9f18,0x00000000a7e00000)
 Metaspace       used 82965K, committed 84800K, reserved 1179648K
  class space    used 8272K, committed 9152K, reserved 1048576K
}

Dll operation events (10 events):
Event: 0.009 Loaded shared library c:\Users\MARIA JOSE ROJAS\.vscode\extensions\redhat.java-1.55.0-win32-x64\jre\21.0.11-win32-x86_64\bin\java.dll
Event: 0.060 Loaded shared library c:\Users\MARIA JOSE ROJAS\.vscode\extensions\redhat.java-1.55.0-win32-x64\jre\21.0.11-win32-x86_64\bin\zip.dll
Event: 0.078 Loaded shared library C:\Users\MARIA JOSE ROJAS\.vscode\extensions\redhat.java-1.55.0-win32-x64\jre\21.0.11-win32-x86_64\bin\instrument.dll
Event: 0.082 Loaded shared library C:\Users\MARIA JOSE ROJAS\.vscode\extensions\redhat.java-1.55.0-win32-x64\jre\21.0.11-win32-x86_64\bin\net.dll
Event: 0.084 Loaded shared library C:\Users\MARIA JOSE ROJAS\.vscode\extensions\redhat.java-1.55.0-win32-x64\jre\21.0.11-win32-x86_64\bin\nio.dll
Event: 0.087 Loaded shared library C:\Users\MARIA JOSE ROJAS\.vscode\extensions\redhat.java-1.55.0-win32-x64\jre\21.0.11-win32-x86_64\bin\zip.dll
Event: 0.100 Loaded shared library C:\Users\MARIA JOSE ROJAS\.vscode\extensions\redhat.java-1.55.0-win32-x64\jre\21.0.11-win32-x86_64\bin\jimage.dll
Event: 0.175 Loaded shared library c:\Users\MARIA JOSE ROJAS\.vscode\extensions\redhat.java-1.55.0-win32-x64\jre\21.0.11-win32-x86_64\bin\verify.dll
Event: 1.005 Loaded shared library C:\Users\MARIA JOSE ROJAS\AppData\Roaming\Code\User\globalStorage\redhat.java\1.55.0\config_win\org.eclipse.equinox.launcher\org.eclipse.equinox.launcher.win32.win32.x86_64_1.3.100.v20260613-0559\eclipse_11924.dll
Event: 3.687 Loaded shared library C:\Users\MARIA JOSE ROJAS\AppData\Local\Temp\jna-542807840\jna17784341110421646950.dll

Deoptimization events (20 events):
Event: 1434.708 Thread 0x00000227717d6810 DEOPT PACKING pc=0x000002275e3a3e14 sp=0x000000c52e2fe260
Event: 1434.708 Thread 0x00000227717d6810 DEOPT UNPACKING pc=0x000002275c7b3aa2 sp=0x000000c52e2fe200 mode 2
Event: 1434.712 Thread 0x000002276fcf73e0 DEOPT PACKING pc=0x00000227582c728c sp=0x000000c52cefee80
Event: 1434.712 Thread 0x000002276fcf73e0 DEOPT UNPACKING pc=0x000002275c7b4242 sp=0x000000c52cefe430 mode 0
Event: 1434.777 Thread 0x000002276fcf73e0 DEOPT PACKING pc=0x00000227582b4d09 sp=0x000000c52ceff070
Event: 1434.777 Thread 0x000002276fcf73e0 DEOPT UNPACKING pc=0x000002275c7b4242 sp=0x000000c52cefe548 mode 0
Event: 1434.886 Thread 0x0000022772c4da50 DEOPT PACKING pc=0x00000227583d88cc sp=0x000000c52e5fd090
Event: 1434.886 Thread 0x0000022772c4da50 DEOPT UNPACKING pc=0x000002275c7b4242 sp=0x000000c52e5fc6e8 mode 0
Event: 1434.956 Thread 0x000002276fcf73e0 DEOPT PACKING pc=0x00000227582c728c sp=0x000000c52cefee80
Event: 1434.956 Thread 0x000002276fcf73e0 DEOPT UNPACKING pc=0x000002275c7b4242 sp=0x000000c52cefe430 mode 0
Event: 1435.007 Thread 0x0000022772c4da50 Uncommon trap: trap_request=0xfffffff4 fr.pc=0x000002275e323164 relative=0x0000000000000d84
Event: 1435.007 Thread 0x0000022772c4da50 Uncommon trap: reason=null_check action=make_not_entrant pc=0x000002275e323164 method=org.eclipse.aether.DefaultRepositorySystemSession.copySafe(Ljava/util/Map;Ljava/lang/Class;)Ljava/util/Map; @ 110 c2
Event: 1435.007 Thread 0x0000022772c4da50 DEOPT PACKING pc=0x000002275e323164 sp=0x000000c52e5fe380
Event: 1435.007 Thread 0x0000022772c4da50 DEOPT UNPACKING pc=0x000002275c7b3aa2 sp=0x000000c52e5fe350 mode 2
Event: 1435.010 Thread 0x000002276fcf73e0 DEOPT PACKING pc=0x00000227582b4d09 sp=0x000000c52ceff070
Event: 1435.010 Thread 0x000002276fcf73e0 DEOPT UNPACKING pc=0x000002275c7b4242 sp=0x000000c52cefe548 mode 0
Event: 1435.011 Thread 0x000002276fcf73e0 DEOPT PACKING pc=0x00000227583ce98b sp=0x000000c52cefef80
Event: 1435.011 Thread 0x000002276fcf73e0 DEOPT UNPACKING pc=0x000002275c7b4242 sp=0x000000c52cefe548 mode 0
Event: 1435.113 Thread 0x000002276fcf73e0 DEOPT PACKING pc=0x0000022758057b9c sp=0x000000c52ceff2e0
Event: 1435.113 Thread 0x000002276fcf73e0 DEOPT UNPACKING pc=0x000002275c7b4242 sp=0x000000c52cefe858 mode 0

Classes loaded (20 events):
Event: 1415.465 Loading class org/xml/sax/SAXNotRecognizedException
Event: 1415.465 Loading class org/xml/sax/SAXNotRecognizedException done
Event: 1415.465 Loading class org/xml/sax/SAXNotSupportedException
Event: 1415.465 Loading class org/xml/sax/SAXNotSupportedException done
Event: 1415.468 Loading class com/sun/org/apache/xerces/internal/xni/XNIException
Event: 1415.468 Loading class com/sun/org/apache/xerces/internal/xni/XNIException done
Event: 1415.471 Loading class com/sun/org/apache/xerces/internal/xni/parser/XMLParseException
Event: 1415.471 Loading class com/sun/org/apache/xerces/internal/xni/parser/XMLParseException done
Event: 1415.666 Loading class jdk/internal/module/IllegalAccessLogger
Event: 1415.666 Loading class jdk/internal/module/IllegalAccessLogger done
Event: 1415.723 Loading class java/nio/file/attribute/PosixFileAttributeView
Event: 1415.723 Loading class java/nio/file/attribute/PosixFileAttributeView done
Event: 1415.723 Loading class java/nio/file/attribute/DosFileAttributeView
Event: 1415.723 Loading class java/nio/file/attribute/DosFileAttributeView done
Event: 1415.723 Loading class java/nio/file/attribute/UserDefinedFileAttributeView
Event: 1415.723 Loading class java/nio/file/attribute/UserDefinedFileAttributeView done
Event: 1415.727 Loading class java/nio/BufferMismatch
Event: 1415.727 Loading class java/nio/BufferMismatch done
Event: 1434.902 Loading class jdk/internal/module/IllegalAccessLogger
Event: 1434.902 Loading class jdk/internal/module/IllegalAccessLogger done

Classes unloaded (20 events):
Event: 24.887 Thread 0x0000022768ac3ce0 Unloading class 0x0000022701794ce0 'org/apache/maven/shared/filtering/MavenReaderFilterRequest'
Event: 24.887 Thread 0x0000022768ac3ce0 Unloading class 0x00000227017949c8 'org/apache/maven/shared/filtering/MavenFileFilterRequest'
Event: 24.887 Thread 0x0000022768ac3ce0 Unloading class 0x00000227017947c8 'org/codehaus/plexus/interpolation/Interpolator'
Event: 24.887 Thread 0x0000022768ac3ce0 Unloading class 0x00000227017945c8 'org/codehaus/plexus/interpolation/BasicInterpolator'
Event: 24.887 Thread 0x0000022768ac3ce0 Unloading class 0x00000227017943c8 'org/codehaus/plexus/interpolation/ValueSource'
Event: 24.887 Thread 0x0000022768ac3ce0 Unloading class 0x0000022701794000 'org/apache/maven/shared/filtering/MavenResourcesExecution'
Event: 24.887 Thread 0x0000022768ac3ce0 Unloading class 0x0000022701793cd8 'org/apache/maven/shared/filtering/AbstractMavenFilteringRequest'
Event: 24.887 Thread 0x0000022768ac3ce0 Unloading class 0x0000022701793a78 'org/apache/maven/shared/filtering/MavenFilteringException'
Event: 24.887 Thread 0x0000022768ac3ce0 Unloading class 0x0000022701793828 'org/apache/maven/shared/filtering/DefaultMavenResourcesFiltering'
Event: 24.887 Thread 0x0000022768ac3ce0 Unloading class 0x0000022701793628 'org/apache/maven/shared/filtering/MavenResourcesFiltering'
Event: 24.887 Thread 0x0000022768ac3ce0 Unloading class 0x0000022701793398 'org/apache/maven/shared/filtering/DefaultMavenReaderFilter'
Event: 24.887 Thread 0x0000022768ac3ce0 Unloading class 0x0000022701793198 'org/apache/maven/shared/filtering/MavenReaderFilter'
Event: 24.887 Thread 0x0000022768ac3ce0 Unloading class 0x0000022701792ef8 'org/apache/maven/shared/filtering/DefaultMavenFileFilter'
Event: 24.887 Thread 0x0000022768ac3ce0 Unloading class 0x0000022701792ca8 'org/apache/maven/shared/filtering/BaseFilter'
Event: 24.887 Thread 0x0000022768ac3ce0 Unloading class 0x0000022701792aa8 'org/apache/maven/shared/filtering/MavenFileFilter'
Event: 24.887 Thread 0x0000022768ac3ce0 Unloading class 0x00000227017928a8 'org/apache/maven/shared/filtering/DefaultFilterInfo'
Event: 24.887 Thread 0x0000022768ac3ce0 Unloading class 0x0000022701792598 'org/apache/maven/plugins/resources/TestResourcesMojo'
Event: 24.887 Thread 0x0000022768ac3ce0 Unloading class 0x0000022701792310 'org/apache/maven/plugins/maven_resources_plugin/HelpMojo'
Event: 24.887 Thread 0x0000022768ac3ce0 Unloading class 0x0000022701792000 'org/apache/maven/plugins/resources/CopyResourcesMojo'
Event: 24.887 Thread 0x0000022768ac3ce0 Unloading class 0x0000022701791c00 'org/apache/maven/plugins/resources/ResourcesMojo'

Classes redefined (0 events):
No events

Internal exceptions (20 events):
Event: 1435.109 Thread 0x000002276fcf73e0 Implicit null exception at 0x00000227565c2f21 to 0x00000227565c311d
Event: 1435.109 Thread 0x000002276fcf73e0 Exception <a 'java/lang/NullPointerException'{0x00000000d5588988}> (0x00000000d5588988) 
thrown [s\src\hotspot\share\runtime\sharedRuntime.cpp, line 625]
Event: 1435.110 Thread 0x000002276fcf73e0 Implicit null exception at 0x00000227565c2f21 to 0x00000227565c311d
Event: 1435.110 Thread 0x000002276fcf73e0 Exception <a 'java/lang/NullPointerException'{0x00000000d55897e0}> (0x00000000d55897e0) 
thrown [s\src\hotspot\share\runtime\sharedRuntime.cpp, line 625]
Event: 1435.110 Thread 0x000002276fcf73e0 Implicit null exception at 0x00000227565c2f21 to 0x00000227565c311d
Event: 1435.110 Thread 0x000002276fcf73e0 Exception <a 'java/lang/NullPointerException'{0x00000000d5589c68}> (0x00000000d5589c68) 
thrown [s\src\hotspot\share\runtime\sharedRuntime.cpp, line 625]
Event: 1435.110 Thread 0x000002276fcf73e0 Implicit null exception at 0x00000227565c2f21 to 0x00000227565c311d
Event: 1435.110 Thread 0x000002276fcf73e0 Exception <a 'java/lang/NullPointerException'{0x00000000d558a0c8}> (0x00000000d558a0c8) 
thrown [s\src\hotspot\share\runtime\sharedRuntime.cpp, line 625]
Event: 1435.111 Thread 0x000002276fcf73e0 Implicit null exception at 0x00000227565c2f21 to 0x00000227565c311d
Event: 1435.111 Thread 0x000002276fcf73e0 Exception <a 'java/lang/NullPointerException'{0x00000000d558b930}> (0x00000000d558b930) 
thrown [s\src\hotspot\share\runtime\sharedRuntime.cpp, line 625]
Event: 2012.778 Thread 0x0000022772c4da50 Exception <a 'sun/nio/fs/WindowsException'{0x00000000d5863b40}> (0x00000000d5863b40) 
thrown [s\src\hotspot\share\prims\jni.cpp, line 520]
Event: 2012.778 Thread 0x0000022772c4da50 Exception <a 'sun/nio/fs/WindowsException'{0x00000000d5868ff0}> (0x00000000d5868ff0) 
thrown [s\src\hotspot\share\prims\jni.cpp, line 520]
Event: 2012.791 Thread 0x0000022772c4da50 Exception <a 'sun/nio/fs/WindowsException'{0x00000000d5879510}> (0x00000000d5879510) 
thrown [s\src\hotspot\share\prims\jni.cpp, line 520]
Event: 2012.791 Thread 0x0000022772c4da50 Exception <a 'sun/nio/fs/WindowsException'{0x00000000d5879ec0}> (0x00000000d5879ec0) 
thrown [s\src\hotspot\share\prims\jni.cpp, line 520]
Event: 2012.792 Thread 0x0000022772c4da50 Exception <a 'sun/nio/fs/WindowsException'{0x00000000d587b718}> (0x00000000d587b718) 
thrown [s\src\hotspot\share\prims\jni.cpp, line 520]
Event: 2012.792 Thread 0x0000022772c4da50 Exception <a 'sun/nio/fs/WindowsException'{0x00000000d587c0c8}> (0x00000000d587c0c8) 
thrown [s\src\hotspot\share\prims\jni.cpp, line 520]
Event: 2012.793 Thread 0x0000022772c4da50 Exception <a 'sun/nio/fs/WindowsException'{0x00000000d587dcc0}> (0x00000000d587dcc0) 
thrown [s\src\hotspot\share\prims\jni.cpp, line 520]
Event: 2012.804 Thread 0x0000022772c4da50 Exception <a 'sun/nio/fs/WindowsException'{0x00000000d587e670}> (0x00000000d587e670) 
thrown [s\src\hotspot\share\prims\jni.cpp, line 520]
Event: 2012.814 Thread 0x0000022772c4da50 Exception <a 'sun/nio/fs/WindowsException'{0x00000000d588c858}> (0x00000000d588c858) 
thrown [s\src\hotspot\share\prims\jni.cpp, line 520]
Event: 2012.814 Thread 0x0000022772c4da50 Exception <a 'sun/nio/fs/WindowsException'{0x00000000d588d208}> (0x00000000d588d208) 
thrown [s\src\hotspot\share\prims\jni.cpp, line 520]

ZGC Phase Switch (0 events):
No events

VM Operations (20 events):
Event: 3091.144 Executing non-safepoint VM operation: HandshakeAllThreads (HandshakeForDeflation)
Event: 3091.144 Executing non-safepoint VM operation: HandshakeAllThreads (HandshakeForDeflation) done
Event: 3091.144 Executing non-safepoint VM operation: RendezvousGCThreads
Event: 3091.144 Executing non-safepoint VM operation: RendezvousGCThreads done
Event: 3151.286 Executing non-safepoint VM operation: HandshakeAllThreads (HandshakeForDeflation)
Event: 3151.286 Executing non-safepoint VM operation: HandshakeAllThreads (HandshakeForDeflation) done
Event: 3151.286 Executing non-safepoint VM operation: RendezvousGCThreads
Event: 3151.286 Executing non-safepoint VM operation: RendezvousGCThreads done
Event: 9166.261 Executing non-safepoint VM operation: HandshakeAllThreads (HandshakeForDeflation)
Event: 9166.261 Executing non-safepoint VM operation: HandshakeAllThreads (HandshakeForDeflation) done
Event: 9166.261 Executing non-safepoint VM operation: RendezvousGCThreads
Event: 9166.261 Executing non-safepoint VM operation: RendezvousGCThreads done
Event: 9346.372 Executing non-safepoint VM operation: HandshakeAllThreads (HandshakeForDeflation)
Event: 9346.373 Executing non-safepoint VM operation: HandshakeAllThreads (HandshakeForDeflation) done
Event: 9346.373 Executing non-safepoint VM operation: RendezvousGCThreads
Event: 9346.373 Executing non-safepoint VM operation: RendezvousGCThreads done
Event: 9647.030 Executing non-safepoint VM operation: HandshakeAllThreads (HandshakeForDeflation)
Event: 9647.031 Executing non-safepoint VM operation: HandshakeAllThreads (HandshakeForDeflation) done
Event: 9647.032 Executing non-safepoint VM operation: RendezvousGCThreads
Event: 9647.032 Executing non-safepoint VM operation: RendezvousGCThreads done

Memory protections (0 events):
No events

Nmethod flushes (20 events):
Event: 24.918 Thread 0x0000022768ac3ce0 flushing  nmethod 0x0000022756c88d90
Event: 24.918 Thread 0x0000022768ac3ce0 flushing  nmethod 0x0000022756c8a210
Event: 24.918 Thread 0x0000022768ac3ce0 flushing  nmethod 0x0000022756c8df10
Event: 24.918 Thread 0x0000022768ac3ce0 flushing  nmethod 0x0000022756c9a810
Event: 24.918 Thread 0x0000022768ac3ce0 flushing  nmethod 0x0000022756c9e490
Event: 24.918 Thread 0x0000022768ac3ce0 flushing  nmethod 0x0000022756cf9910
Event: 24.918 Thread 0x0000022768ac3ce0 flushing  nmethod 0x0000022756d0cc10
Event: 24.918 Thread 0x0000022768ac3ce0 flushing  nmethod 0x0000022756d0ef10
Event: 24.918 Thread 0x0000022768ac3ce0 flushing  nmethod 0x000002275789a210
Event: 24.918 Thread 0x0000022768ac3ce0 flushing  nmethod 0x000002275789a710
Event: 24.918 Thread 0x0000022768ac3ce0 flushing  nmethod 0x00000227578a4f10
Event: 24.918 Thread 0x0000022768ac3ce0 flushing  nmethod 0x00000227578a5510
Event: 24.918 Thread 0x0000022768ac3ce0 flushing  nmethod 0x00000227579c2a90
Event: 24.918 Thread 0x0000022768ac3ce0 flushing  nmethod 0x00000227579c2f90
Event: 24.918 Thread 0x0000022768ac3ce0 flushing  nmethod 0x00000227579c7110
Event: 24.918 Thread 0x0000022768ac3ce0 flushing  nmethod 0x00000227579d3d90
Event: 24.918 Thread 0x0000022768ac3ce0 flushing  nmethod 0x0000022757b79b90
Event: 24.918 Thread 0x0000022768ac3ce0 flushing  nmethod 0x0000022757b7a090
Event: 24.918 Thread 0x0000022768ac3ce0 flushing  nmethod 0x0000022757b82c90
Event: 24.918 Thread 0x0000022768ac3ce0 flushing  nmethod 0x0000022757b83110

Events (20 events):
Event: 2012.822 Thread 0x0000022772c4da50 Thread added: 0x000002276f3f17e0
Event: 2012.836 Thread 0x000002276f3f17e0 Thread added: 0x000002276f3f1e70
Event: 2012.856 Thread 0x000002276f3f17e0 Thread added: 0x000002276f3f2b90
Event: 2012.856 Thread 0x000002276f3f17e0 Thread added: 0x000002276f3f45d0
Event: 2012.867 Thread 0x000002276f3f45d0 Thread exited: 0x000002276f3f45d0
Event: 2012.867 Thread 0x000002276f3f2b90 Thread exited: 0x000002276f3f2b90
Event: 2012.867 Thread 0x000002276f3f17e0 Thread exited: 0x000002276f3f17e0
Event: 2012.867 Thread 0x000002276f3f1e70 Thread exited: 0x000002276f3f1e70
Event: 2059.809 Thread 0x0000022772c4b2f0 Thread exited: 0x0000022772c4b2f0
Event: 2094.299 Thread 0x00000227720ffad0 Thread exited: 0x00000227720ffad0
Event: 2099.319 Thread 0x0000022772c4e0e0 Thread exited: 0x0000022772c4e0e0
Event: 2118.529 Thread 0x000002276f3f38b0 Thread exited: 0x000002276f3f38b0
Event: 2119.816 Thread 0x0000022772c4c010 Thread exited: 0x0000022772c4c010
Event: 2179.823 Thread 0x0000022772c4b980 Thread exited: 0x0000022772c4b980
Event: 2394.317 Thread 0x0000022772101510 Thread exited: 0x0000022772101510
Event: 2694.324 Thread 0x00000227721028c0 Thread exited: 0x00000227721028c0
Event: 2994.328 Thread 0x00000227717d8f70 Thread exited: 0x00000227717d8f70
Event: 9046.745 Thread 0x0000022772102230 Thread exited: 0x0000022772102230
Event: 9346.810 Thread 0x0000022772100160 Thread exited: 0x0000022772100160
Event: 9646.923 Thread 0x00000227721007f0 Thread exited: 0x00000227721007f0


Dynamic libraries:
0x00007ff7633f0000 - 0x00007ff7633fe000 	c:\Users\MARIA JOSE ROJAS\.vscode\extensions\redhat.java-1.55.0-win32-x64\jre\21.0.11-win32-x86_64\bin\java.exe
0x00007fffab500000 - 0x00007fffab767000 	C:\Windows\SYSTEM32\ntdll.dll
0x00007fffaa500000 - 0x00007fffaa5ca000 	C:\Windows\System32\KERNEL32.DLL
0x00007fffa8e20000 - 0x00007fffa9222000 	C:\Windows\System32\KERNELBASE.dll
0x00007fffa87d0000 - 0x00007fffa891c000 	C:\Windows\System32\ucrtbase.dll
0x00007fff9f590000 - 0x00007fff9f5ae000 	c:\Users\MARIA JOSE ROJAS\.vscode\extensions\redhat.java-1.55.0-win32-x64\jre\21.0.11-win32-x86_64\bin\VCRUNTIME140.dll
0x00007fff9d0a0000 - 0x00007fff9d0b8000 	c:\Users\MARIA JOSE ROJAS\.vscode\extensions\redhat.java-1.55.0-win32-x64\jre\21.0.11-win32-x86_64\bin\jli.dll
0x00007fffa9430000 - 0x00007fffa95ff000 	C:\Windows\System32\USER32.dll
0x00007fffa8c60000 - 0x00007fffa8c87000 	C:\Windows\System32\win32u.dll
0x00007fff8ca00000 - 0x00007fff8cc90000 	C:\Windows\WinSxS\amd64_microsoft.windows.common-controls_6595b64144ccf1df_6.0.26100.9278_none_3e0d1ba8e3303201\COMCTL32.dll
0x00007fffaa610000 - 0x00007fffaa63b000 	C:\Windows\System32\GDI32.dll
0x00007fffab410000 - 0x00007fffab4b9000 	C:\Windows\System32\msvcrt.dll
0x00007fffa8a80000 - 0x00007fffa8ba9000 	C:\Windows\System32\gdi32full.dll
0x00007fffa8bb0000 - 0x00007fffa8c53000 	C:\Windows\System32\msvcp_win.dll
0x00007fffaa4c0000 - 0x00007fffaa4f1000 	C:\Windows\System32\IMM32.DLL
0x00007fffa41e0000 - 0x00007fffa41ec000 	c:\Users\MARIA JOSE ROJAS\.vscode\extensions\redhat.java-1.55.0-win32-x64\jre\21.0.11-win32-x86_64\bin\vcruntime140_1.dll
0x00007fff87cf0000 - 0x00007fff87d7d000 	c:\Users\MARIA JOSE ROJAS\.vscode\extensions\redhat.java-1.55.0-win32-x64\jre\21.0.11-win32-x86_64\bin\msvcp140.dll
0x00007ffeaa120000 - 0x00007ffeaaec2000 	c:\Users\MARIA JOSE ROJAS\.vscode\extensions\redhat.java-1.55.0-win32-x64\jre\21.0.11-win32-x86_64\bin\server\jvm.dll
0x00007fffaa970000 - 0x00007fffaaa2c000 	C:\Windows\System32\ADVAPI32.dll
0x00007fffaafa0000 - 0x00007fffab049000 	C:\Windows\System32\sechost.dll
0x00007fffaa3a0000 - 0x00007fffaa4b8000 	C:\Windows\System32\RPCRT4.dll
0x00007fffaa7e0000 - 0x00007fffaa860000 	C:\Windows\System32\WS2_32.dll
0x00007fffa50e0000 - 0x00007fffa5116000 	C:\Windows\SYSTEM32\WINMM.dll
0x00007fffa7210000 - 0x00007fffa726e000 	C:\Windows\SYSTEM32\POWRPROF.dll
0x00007fffa1a30000 - 0x00007fffa1a3b000 	C:\Windows\SYSTEM32\VERSION.dll
0x00007fffa71f0000 - 0x00007fffa7205000 	C:\Windows\SYSTEM32\UMPDC.dll
0x00007fffa74d0000 - 0x00007fffa74eb000 	C:\Windows\SYSTEM32\kernel.appcore.dll
0x00007fff9f5d0000 - 0x00007fff9f5da000 	c:\Users\MARIA JOSE ROJAS\.vscode\extensions\redhat.java-1.55.0-win32-x64\jre\21.0.11-win32-x86_64\bin\jimage.dll
0x00007fffa5b90000 - 0x00007fffa5dd2000 	C:\Windows\SYSTEM32\DBGHELP.DLL
0x00007fffa9e20000 - 0x00007fffaa1a4000 	C:\Windows\System32\combase.dll
0x00007fffaa2c0000 - 0x00007fffaa399000 	C:\Windows\System32\OLEAUT32.dll
0x00007fff74c40000 - 0x00007fff74c7b000 	C:\Windows\SYSTEM32\dbgcore.DLL
0x00007fffa8710000 - 0x00007fffa87bc000 	C:\Windows\System32\bcryptPrimitives.dll
0x00007fff9c760000 - 0x00007fff9c76f000 	c:\Users\MARIA JOSE ROJAS\.vscode\extensions\redhat.java-1.55.0-win32-x64\jre\21.0.11-win32-x86_64\bin\instrument.dll
0x00007fff9bf20000 - 0x00007fff9bf40000 	c:\Users\MARIA JOSE ROJAS\.vscode\extensions\redhat.java-1.55.0-win32-x64\jre\21.0.11-win32-x86_64\bin\java.dll
0x00007fffa9680000 - 0x00007fffa9e18000 	C:\Windows\System32\SHELL32.dll
0x00007fffa6170000 - 0x00007fffa6a1e000 	C:\Windows\SYSTEM32\windows.storage.dll
0x00007fffab310000 - 0x00007fffab40b000 	C:\Windows\System32\SHCORE.dll
0x00007fffa9610000 - 0x00007fffa9676000 	C:\Windows\System32\shlwapi.dll
0x00007fffa8630000 - 0x00007fffa8659000 	C:\Windows\SYSTEM32\profapi.dll
0x00007fff96780000 - 0x00007fff96798000 	c:\Users\MARIA JOSE ROJAS\.vscode\extensions\redhat.java-1.55.0-win32-x64\jre\21.0.11-win32-x86_64\bin\zip.dll
0x00007fff8c9c0000 - 0x00007fff8c9d0000 	C:\Users\MARIA JOSE ROJAS\.vscode\extensions\redhat.java-1.55.0-win32-x64\jre\21.0.11-win32-x86_64\bin\net.dll
0x00007fffa13a0000 - 0x00007fffa14ca000 	C:\Windows\SYSTEM32\WINHTTP.dll
0x00007fffa7ac0000 - 0x00007fffa7b2c000 	C:\Windows\system32\mswsock.dll
0x00007fff8c9a0000 - 0x00007fff8c9b6000 	C:\Users\MARIA JOSE ROJAS\.vscode\extensions\redhat.java-1.55.0-win32-x64\jre\21.0.11-win32-x86_64\bin\nio.dll
0x00007fff8c690000 - 0x00007fff8c6a0000 	c:\Users\MARIA JOSE ROJAS\.vscode\extensions\redhat.java-1.55.0-win32-x64\jre\21.0.11-win32-x86_64\bin\verify.dll
0x00007fff87ca0000 - 0x00007fff87ce5000 	C:\Users\MARIA JOSE ROJAS\AppData\Roaming\Code\User\globalStorage\redhat.java\1.55.0\config_win\org.eclipse.equinox.launcher\org.eclipse.equinox.launcher.win32.win32.x86_64_1.3.100.v20260613-0559\eclipse_11924.dll
0x00007fffaa640000 - 0x00007fffaa7d9000 	C:\Windows\System32\ole32.dll
0x00007fffa7db0000 - 0x00007fffa7dcb000 	C:\Windows\SYSTEM32\CRYPTSP.dll
0x00007fffa7430000 - 0x00007fffa7469000 	C:\Windows\system32\rsaenh.dll
0x00007fffa7b70000 - 0x00007fffa7ba4000 	C:\Windows\SYSTEM32\USERENV.dll
0x00007fffa8600000 - 0x00007fffa862a000 	C:\Windows\SYSTEM32\bcrypt.dll
0x00007fffa7dd0000 - 0x00007fffa7ddc000 	C:\Windows\SYSTEM32\CRYPTBASE.dll
0x00007fffa6de0000 - 0x00007fffa6e13000 	C:\Windows\SYSTEM32\IPHLPAPI.DLL
0x00007fffaa1d0000 - 0x00007fffaa1da000 	C:\Windows\System32\NSI.dll
0x00007fff809b0000 - 0x00007fff809f9000 	C:\Users\MARIA JOSE ROJAS\AppData\Local\Temp\jna-542807840\jna17784341110421646950.dll
0x00007fffa92c0000 - 0x00007fffa92c8000 	C:\Windows\System32\PSAPI.DLL
0x00007fffa1c30000 - 0x00007fffa1c4d000 	C:\Windows\SYSTEM32\dhcpcsvc6.DLL
0x00007fffa1c00000 - 0x00007fffa1c25000 	C:\Windows\SYSTEM32\dhcpcsvc.DLL
0x00007fffa7610000 - 0x00007fffa7646000 	C:\Windows\SYSTEM32\ntmarta.dll

JVMTI agents:
c:\Users\MARIA JOSE ROJAS\.vscode\extensions\redhat.java-1.55.0-win32-x64\lombok\lombok-1.18.39-4050.jar path:c:\Users\MARIA JOSE ROJAS\.vscode\extensions\redhat.java-1.55.0-win32-x64\jre\21.0.11-win32-x86_64\bin\instrument.dll, loaded, initialized, instrumentlib options:none

dbghelp: loaded successfully - version: 4.0.5 - missing functions: none
symbol engine: initialized successfully - sym options: 0x614 - pdb path: .;c:\Users\MARIA JOSE ROJAS\.vscode\extensions\redhat.java-1.55.0-win32-x64\jre\21.0.11-win32-x86_64\bin;C:\Windows\SYSTEM32;C:\Windows\WinSxS\amd64_microsoft.windows.common-controls_6595b64144ccf1df_6.0.26100.9278_none_3e0d1ba8e3303201;c:\Users\MARIA JOSE ROJAS\.vscode\extensions\redhat.java-1.55.0-win32-x64\jre\21.0.11-win32-x86_64\bin\server;C:\Users\MARIA JOSE ROJAS\AppData\Roaming\Code\User\globalStorage\redhat.java\1.55.0\config_win\org.eclipse.equinox.launcher\org.eclipse.equinox.launcher.win32.win32.x86_64_1.3.100.v20260613-0559;C:\Users\MARIA JOSE ROJAS\AppData\Local\Temp\jna-542807840

VM Arguments:
jvm_args: --add-modules=ALL-SYSTEM --add-opens=java.base/java.util=ALL-UNNAMED --add-opens=java.base/java.lang=ALL-UNNAMED --add-opens=java.base/sun.nio.fs=ALL-UNNAMED -Declipse.application=org.eclipse.jdt.ls.core.id1 -Dosgi.bundles.defaultStartLevel=4 -Declipse.product=org.eclipse.jdt.ls.core.product -Djava.import.generatesMetadataFilesAtProjectRoot=false -DDetectVMInstallationsJob.disabled=true -Dfile.encoding=utf8 -XX:+UseParallelGC -XX:GCTimeRatio=4 -XX:AdaptiveSizePolicyWeight=90 -Dsun.zip.disableMemoryMapping=true -Xmx2G -Xms100m -Xlog:disable -javaagent:c:\Users\MARIA JOSE ROJAS\.vscode\extensions\redhat.java-1.55.0-win32-x64\lombok\lombok-1.18.39-4050.jar -XX:+HeapDumpOnOutOfMemoryError -XX:HeapDumpPath=c:\Users\MARIA JOSE ROJAS\AppData\Roaming\Code\User\workspaceStorage\e6e232951b0276b13a9384f90d748cda\redhat.java -Daether.dependencyCollector.impl=bf 
java_command: c:\Users\MARIA JOSE ROJAS\.vscode\extensions\redhat.java-1.55.0-win32-x64\server\plugins\org.eclipse.equinox.launcher_1.7.200.v20260619-2039.jar -configuration c:\Users\MARIA JOSE ROJAS\AppData\Roaming\Code\User\globalStorage\redhat.java\1.55.0\config_win -data c:\Users\MARIA JOSE ROJAS\AppData\Roaming\Code\User\workspaceStorage\e6e232951b0276b13a9384f90d748cda\redhat.java\jdt_ws --pipe=\\.\pipe\lsp-da42a0c62ce1eda57ca8fe3670f6fb03-sock
java_class_path (initial): c:\Users\MARIA JOSE ROJAS\.vscode\extensions\redhat.java-1.55.0-win32-x64\server\plugins\org.eclipse.equinox.launcher_1.7.200.v20260619-2039.jar
Launcher Type: SUN_STANDARD

[Global flags]
    uintx AdaptiveSizePolicyWeight                 = 90                                        {product} {command line}
     intx CICompilerCount                          = 4                                         {product} {ergonomic}
    uintx GCTimeRatio                              = 4                                         {product} {command line}
     bool HeapDumpOnOutOfMemoryError               = true                                   {manageable} {command line}
    ccstr HeapDumpPath                             = c:\Users\MARIA JOSE ROJAS\AppData\Roaming\Code\User\workspaceStorage\e6e232951b0276b13a9384f90d748cda\redhat.java         {manageable} {command line}
   size_t InitialHeapSize                          = 104857600                                 {product} {command line}
   size_t MaxHeapSize                              = 2147483648                                {product} {command line}
   size_t MaxNewSize                               = 715653120                                 {product} {ergonomic}
   size_t MinHeapDeltaBytes                        = 524288                                    {product} {ergonomic}
   size_t MinHeapSize                              = 104857600                                 {product} {command line}
   size_t NewSize                                  = 34603008                                  {product} {ergonomic}
    uintx NonNMethodCodeHeapSize                   = 5839372                                {pd product} {ergonomic}
    uintx NonProfiledCodeHeapSize                  = 122909434                              {pd product} {ergonomic}
   size_t OldSize                                  = 70254592                                  {product} {ergonomic}
    uintx ProfiledCodeHeapSize                     = 122909434                              {pd product} {ergonomic}
    uintx ReservedCodeCacheSize                    = 251658240                              {pd product} {ergonomic}
     bool SegmentedCodeCache                       = true                                      {product} {ergonomic}
   size_t SoftMaxHeapSize                          = 2147483648                             {manageable} {ergonomic}
     bool UseCompressedOops                        = true                           {product lp64_product} {ergonomic}
     bool UseLargePagesIndividualAllocation        = false                                  {pd product} {ergonomic}
     bool UseParallelGC                            = true                                      {product} {command line}

Logging:
Log output configuration:
 #0: stdout all=off uptime,level,tags foldmultilines=false
 #1: stderr all=off uptime,level,tags foldmultilines=false

Release file:
JAVA_VERSION="21.0.11" 
MODULES="java.base java.compiler java.datatransfer java.xml java.prefs java.desktop java.instrument java.logging java.management java.security.sasl java.naming java.rmi java.management.rmi java.net.http java.scripting java.security.jgss java.transaction.xa java.sql java.sql.rowset java.xml.crypto java.se java.smartcardio jdk.accessibility jdk.internal.jvmstat jdk.attach jdk.charsets jdk.internal.opt jdk.zipfs jdk.compiler jdk.crypto.ec jdk.crypto.cryptoki jdk.crypto.mscapi jdk.dynalink jdk.internal.ed jdk.editpad jdk.hotspot.agent jdk.httpserver jdk.internal.le jdk.internal.vm.ci jdk.internal.vm.compiler jdk.internal.vm.compiler.management jdk.jartool jdk.javadoc jdk.jcmd jdk.management jdk.management.agent jdk.jconsole jdk.jdeps jdk.jdwp.agent jdk.jdi jdk.jfr jdk.jshell jdk.jsobject jdk.jstatd jdk.localedata jdk.management.jfr jdk.naming.dns jdk.naming.rmi jdk.net jdk.nio.mapmode jdk.random jdk.sctp jdk.security.auth jdk.security.jgss jdk.unsupported jdk.unsupported.desktop jdk.xml.dom" 

Environment Variables:
JAVA_HOME=C:\Program Files\Eclipse Adoptium\jdk-17.0.18.8-hotspot\
PATH=C:\Python314\Scripts\;C:\Python314\;C:\Program Files\Apache\maven\bin;C:\Users\MARIA JOSE ROJAS\AppData\Local\Microsoft\WindowsApps;C:\Users\MARIA JOSE ROJAS\AppData\Local\Programs\Microsoft VS Code\bin;C:\Users\MARIA JOSE ROJAS\AppData\Roaming\npm;C:\Users\MARIA JOSE ROJAS\AppData\Local\Programs\Antigravity IDE\bin;C:\Program Files\Apache\maven\apache-maven-3.10.0-rc-1\bin;C:\Program Files\nodejs\;C:\ProgramData\chocolatey\bin;C:\Users\MARIA JOSE ROJAS\AppData\Local\Microsoft\WindowsApps;C:\Users\MARIA JOSE ROJAS\AppData\Local\Programs\Microsoft VS Code\bin;C:\Users\MARIA JOSE ROJAS\AppData\Local\Programs\Antigravity IDE\bin;C:\Users\MARIA JOSE ROJAS\AppData\Roaming\npm;C:\Program Files\nodejs
USERNAME=MARIA JOSE ROJAS
OS=Windows_NT
PROCESSOR_IDENTIFIER=Intel64 Family 6 Model 151 Stepping 2, GenuineIntel
TMP=C:\Users\MARIAJ~1\AppData\Local\Temp
TEMP=C:\Users\MARIAJ~1\AppData\Local\Temp




Periodic native trim disabled

---------------  S Y S T E M  ---------------

OS:
 Windows 11 , 64 bit Build 26100 (10.0.26100.9278)
OS uptime: 1 days 10:08 hours
Hyper-V role detected

CPU: total 12 (initial active 12) (6 cores per cpu, 2 threads per core) family 6 model 151 stepping 2 microcode 0x3a, cx8, cmov, fxsr, ht, mmx, 3dnowpref, sse, sse2, sse3, ssse3, sse4.1, sse4.2, popcnt, lzcnt, tsc, tscinvbit, avx, avx2, aes, erms, clmul, bmi1, bmi2, adx, sha, fma, vzeroupper, clflush, clflushopt, clwb, hv, serialize, rdtscp, rdpid, fsrm, f16c, cet_ibt, cet_ss
Processor Information for processor 0
  Max Mhz: 2400, Current Mhz: 2400, Mhz Limit: 2400
Processor Information for processor 1
  Max Mhz: 2400, Current Mhz: 2400, Mhz Limit: 2400
Processor Information for processor 2
  Max Mhz: 2400, Current Mhz: 2400, Mhz Limit: 2400
Processor Information for processor 3
  Max Mhz: 2400, Current Mhz: 2400, Mhz Limit: 2400
Processor Information for processor 4
  Max Mhz: 2400, Current Mhz: 2400, Mhz Limit: 2400
Processor Information for processor 5
  Max Mhz: 2400, Current Mhz: 2400, Mhz Limit: 2400
Processor Information for processor 6
  Max Mhz: 2400, Current Mhz: 2400, Mhz Limit: 2400
Processor Information for processor 7
  Max Mhz: 2400, Current Mhz: 2400, Mhz Limit: 2400
Processor Information for processor 8
  Max Mhz: 2400, Current Mhz: 1800, Mhz Limit: 1800
Processor Information for processor 9
  Max Mhz: 2400, Current Mhz: 1500, Mhz Limit: 1800
Processor Information for processor 10
  Max Mhz: 2400, Current Mhz: 1800, Mhz Limit: 1800
Processor Information for processor 11
  Max Mhz: 2400, Current Mhz: 1800, Mhz Limit: 1800

Memory: 4k page, system-wide physical 16107M (363M free)
TotalPageFile size 65259M (AvailPageFile size 21M)
current process WorkingSet (physical memory assigned to process): 8M, peak: 991M
current process commit charge ("private bytes"): 1051M, peak: 1069M

vm_info: OpenJDK 64-Bit Server VM (21.0.11+10-LTS) for windows-amd64 JRE (21.0.11+10-LTS), built on 2026-04-21T00:00:00Z by "admin" with MS VC++ 17.12 (VS2022)

END.
